⚠ Warning: Next.js inferred your workspace root, but it may not be correct.
 We detected multiple lockfiles and selected the directory of C:\Users\morem\package-lock.json as the root directory.
 To silence this warning, set `turbopack.root` in your Next.js config, or consider removing one of the lockfiles if it's not needed.
   See https://nextjs.org/docs/app/api-reference/config/next-config-js/turbopack#root-directory for more information.
 Detected additional lockfiles: 
   * C:\Users\morem\game-guide-site\package-lock.json

▲ Next.js 16.2.7 (Turbopack)

⚠ The "middleware" file convention is deprecated. Please use "proxy" instead. Learn more: https://nextjs.org/docs/messages/middleware-to-proxy
  Creating an optimized production build ...
✓ Compiled successfully in 6.2s
  Running TypeScript ...
  Finished TypeScript in 5.7s ...
  Collecting page data using 16 workers ...
  Generating static pages using 16 workers (0/6) ...
  Generating static pages using 16 workers (1/6) 
  Generating static pages using 16 workers (2/6) 
  Generating static pages using 16 workers (4/6) 
✓ Generating static pages using 16 workers (6/6) in 1006ms
  Finalizing page optimization ...

Route (app)
┌ ○ /
├ ○ /_not-found
├ ƒ /[lang]
├ ƒ /[lang]/categories
├ ƒ /[lang]/contact
├ ƒ /[lang]/games
├ ƒ /[lang]/games/[slug]
├ ƒ /[lang]/guides
├ ƒ /[lang]/guides/[slug]
├ ƒ /[lang]/privacy
├ ƒ /[lang]/terms
├ ○ /robots.txt
└ ○ /sitemap.xml


ƒ Proxy (Middleware)

○  (Static)   prerendered as static content
ƒ  (Dynamic)  server-rendered on demand

